PS C:\Users\My HP\OneDrive\Desktop\C Cloned Rep\C_Activity_Sets\set02> gcc -O0 -g problem03.c
PS C:\Users\My HP\OneDrive\Desktop\C Cloned Rep\C_Activity_Sets\set02> a.exe
a.exe : The term 'a.exe' is not recognized as the name of a cmdlet, function, script file, or operable program. Check the spelling of the 
name, or if a path was included, verify that the path is correct and try again.
At line:1 char:1
+ a.exe
+ ~~~~~
    + CategoryInfo          : ObjectNotFound: (a.exe:String) [], CommandNotFoundException
    + FullyQualifiedErrorId : CommandNotFoundException
 

Suggestion [3,General]: The command a.exe was not found, but does exist in the current location. Windows PowerShell does not load commands from the current location by default. If you trust this command, instead type: ".\a.exe". See "get-help about_Command_Precedence" for more details.
PS C:\Users\My HP\OneDrive\Desktop\C Cloned Rep\C_Activity_Sets\set02> gdb a.exe
GNU gdb (GDB) 7.6.1
Copyright (C) 2013 Free Software Foundation, Inc.
License GPLv3+: GNU GPL version 3 or later <http://gnu.org/licenses/gpl.html>
This is free software: you are free to change and redistribute it.
There is NO WARRANTY, to the extent permitted by law.  Type "show copying"
and "show warranty" for details.
This GDB was configured as "mingw32".
For bug reporting instructions, please see:
<http://www.gnu.org/software/gdb/bugs/>...
Reading symbols from C:\Users\My HP\OneDrive\Desktop\C Cloned Rep\C_Activity_Sets\set02\a.exe...done.
(gdb) b main
Breakpoint 1 at 0x40146e: file problem03.c, line 33.
(gdb) r
Starting program: C:\Users\My HP\OneDrive\Desktop\C Cloned Rep\C_Activity_Sets\set02/a.exe 
[New Thread 5356.0x3ec4]
[New Thread 5356.0x41cc]

Breakpoint 1, main () at problem03.c:33
33          n = input_number();
(gdb) n
Enter a number: 8
34          result = is_composite(n);
(gdb) n
35          output(n, result);
(gdb) n
8 is a composite number.
36          return 0;