PS C:\Users\My HP\OneDrive\Desktop\C Cloned Rep\C_Activity_Sets\set02> gcc -g -O0 problem05.c    
PS C:\Users\My HP\OneDrive\Desktop\C Cloned Rep\C_Activity_Sets\set02> gdb a.exe
GNU gdb (GDB) 7.6.1
Copyright (C) 2013 Free Software Foundation, Inc.
License GPLv3+: GNU GPL version 3 or later <http://gnu.org/licenses/gpl.html>
This is free software: you are free to change and redistribute it.
There is NO WARRANTY, to the extent permitted by law.  Type "show copying"
and "show warranty" for details.
This GDB was configured as "mingw32".
For bug reporting instructions, please see:
<http://www.gnu.org/software/gdb/bugs/>...
Reading symbols from C:\Users\My HP\OneDrive\Desktop\C Cloned Rep\C_Activity_Sets\set02\a.exe...done.
(gdb) b main
Breakpoint 1 at 0x40146e: file problem05.c, line 34.
(gdb) r
Starting program: C:\Users\My HP\OneDrive\Desktop\C Cloned Rep\C_Activity_Sets\set02/a.exe 
[New Thread 22740.0x22e4]
[New Thread 22740.0x4630]

Breakpoint 1, main () at problem05.c:34
34          num1 = input();
(gdb) n
Enter a number: 2
35          num2 = input();
(gdb) n
Enter a number: 3
36          gcd = find_gcd(num1, num2);
(gdb) n
37          output(num1, num2, gcd);
(gdb) n
The GCD of 2 and 3 is 1
38          return 0;
(gdb) n
39      }
(gdb) q
A debugging session is active.

        Inferior 1 [process 22740] will be killed.

Quit anyway? (y or n) y
error return ../../gdb-7.6.1/gdb/windows-nat.c:1275 was 5