PS C:\Users\My HP\OneDrive\Desktop\C Cloned Rep\C_Activity_Sets\set01> gcc -g -O0 problem11.c 
PS C:\Users\My HP\OneDrive\Desktop\C Cloned Rep\C_Activity_Sets\set01> gdb a.exe
GNU gdb (GDB) 7.6.1
Copyright (C) 2013 Free Software Foundation, Inc.
License GPLv3+: GNU GPL version 3 or later <http://gnu.org/licenses/gpl.html>
This is free software: you are free to change and redistribute it.
There is NO WARRANTY, to the extent permitted by law.  Type "show copying"
and "show warranty" for details.
This GDB was configured as "mingw32".
For bug reporting instructions, please see:
<http://www.gnu.org/software/gdb/bugs/>...
Reading symbols from C:\Users\My HP\OneDrive\Desktop\C Cloned Rep\C_Activity_Sets\set01\a.exe...done.
(gdb) b main
Breakpoint 1 at 0x40146e: file problem11.c, line 43.
(gdb) r
Starting program: C:\Users\My HP\OneDrive\Desktop\C Cloned Rep\C_Activity_Sets\set01/a.exe 
[New Thread 7116.0x34a8]
[New Thread 7116.0x4ca8]

Breakpoint 1, main () at problem11.c:43
43          a=input_complex();
(gdb) n
Enter the real and imaginary parts:
2 3
44          b=input_complex();
(gdb)
Enter the real and imaginary parts:
4 5
45          sum=add_complex(a,b);
(gdb) n
46          output(a,b,sum);
(gdb) n
The sum of 2+4i and 3+5i is 6+8i.
47          return 0;
(gdb) n
48      }
(gdb) q 
A debugging session is active.

        Inferior 1 [process 7116] will be killed.

Quit anyway? (y or n) y
error return ../../gdb-7.6.1/gdb/windows-nat.c:1275 was 5