PS C:\Users\My HP\OneDrive\Desktop\C Cloned Rep\C_Activity_Sets\set01> gcc problem02.c -O0 -g
PS C:\Users\My HP\OneDrive\Desktop\C Cloned Rep\C_Activity_Sets\set01> gdb a.exe
GNU gdb (GDB) 7.6.1
Copyright (C) 2013 Free Software Foundation, Inc.
License GPLv3+: GNU GPL version 3 or later <http://gnu.org/licenses/gpl.html>
This is free software: you are free to change and redistribute it.
There is NO WARRANTY, to the extent permitted by law.  Type "show copying"
and "show warranty" for details.
This GDB was configured as "mingw32".
For bug reporting instructions, please see:
<http://www.gnu.org/software/gdb/bugs/>...
Reading symbols from C:\Users\My HP\OneDrive\Desktop\C Cloned Rep\C_Activity_Sets\set01\a.exe...done.
(gdb) b main
Breakpoint 1 at 0x40146e: file problem02.c, line 7.
(gdb) r
Starting program: C:\Users\My HP\OneDrive\Desktop\C Cloned Rep\C_Activity_Sets\set01/a.exe 
[New Thread 9960.0x4918]
[New Thread 9960.0x4d84]

Breakpoint 1, main () at problem02.c:7
7           printf("enter the first number:");
(gdb) n
enter the first number:8            scanf("%d", &a);
(gdb) n
2
9           printf("enter the second number:");
(gdb) n
enter the second number:10          scanf("%d", &b);
(gdb) n
3
11          sum=a+b;
(gdb) n
12          printf("The sum of %d and %d is %d.",a,b,sum);
(gdb) n
The sum of 2 and 3 is 5.13          return 0;
(gdb) print b
$1 = 3
(gdb) print a
$2 = 2
(gdb) print sum
$3 = 5
(gdb) n
14      }(gdb) s
0x00401288 in __register_frame_info ()
(gdb) q
A debugging session is active.

        Inferior 1 [process 9960] will be killed.

Quit anyway? (y or n) y
error return ../../gdb-7.6.1/gdb/windows-nat.c:1275 was 5
