PS C:\Users\My HP\OneDrive\Desktop\C Cloned Rep\C_Activity_Sets\set01> gcc problem03.c -O0 -g
PS C:\Users\My HP\OneDrive\Desktop\C Cloned Rep\C_Activity_Sets\set01> gdb a.exe
GNU gdb (GDB) 7.6.1
Copyright (C) 2013 Free Software Foundation, Inc.
License GPLv3+: GNU GPL version 3 or later <http://gnu.org/licenses/gpl.html>
This is free software: you are free to change and redistribute it.
There is NO WARRANTY, to the extent permitted by law.  Type "show copying"
and "show warranty" for details.
This GDB was configured as "mingw32".
For bug reporting instructions, please see:
<http://www.gnu.org/software/gdb/bugs/>...
Reading symbols from C:\Users\My HP\OneDrive\Desktop\C Cloned Rep\C_Activity_Sets\set01\a.exe...done.
(gdb) b main
Breakpoint 1 at 0x40146e: file problem03.c, line 33.
(gdb) r
Starting program: C:\Users\My HP\OneDrive\Desktop\C Cloned Rep\C_Activity_Sets\set01/a.exe 
[New Thread 24392.0x2c08]
[New Thread 24392.0x4c70]

Breakpoint 1, main () at problem03.c:33
33          a= input();
(gdb) n
enter the value:1
34          b= input();
(gdb) n
enter the value:2
35          sum=add(a,b);
(gdb) n
36          output(a,b,sum);
(gdb) n
The sum of 1 and 2 is 3
37          return 0;
(gdb) n
38      }
(gdb) q
A debugging session is active.

        Inferior 1 [process 24392] will be killed.

Quit anyway? (y or n) y
error return ../../gdb-7.6.1/gdb/windows-nat.c:1275 was 5